// Jest Snapshot v1, https://goo.gl/fbAQLP

exports[`Blank component renders correctly 1`] = `
<View
  style={
    Array [
      Object {
        "alignItems": "center",
        "flex": 1,
        "justifyContent": "center",
      },
      Object {
        "backgroundColor": "#f6f6f6",
      },
    ]
  }
>
  <View
    style={
      Object {
        "alignItems": "center",
        "justifyContent": "center",
        "marginTop": 16,
      }
    }
  >
    <View
      style={
        Array [
          Object {
            "overflow": "hidden",
          },
          Array [
            Object {
              "borderRadius": 4,
              "height": 220,
              "width": 209,
            },
            Object {
              "backgroundColor": "#f6f6f6",
            },
          ],
        ]
      }
    >
      <FastImageView
        resizeMode="cover"
        source={
          Object {
            "testUri": "../../../src/assets/tree.png",
          }
        }
        style={
          Object {
            "bottom": 0,
            "left": 0,
            "position": "absolute",
            "right": 0,
            "top": 0,
          }
        }
      />
    </View>
    <Text
      style={
        Array [
          Object {
            "color": "#000000",
            "fontFamily": "System",
            "fontWeight": "400",
            "textAlign": "left",
          },
          Array [
            Object {
              "color": "rgba(0, 0, 0, 0.87)",
              "fontFamily": "System",
              "fontWeight": "400",
              "textAlign": "left",
              "writingDirection": "ltr",
            },
            Array [
              Object {
                "fontSize": 16,
                "letterSpacing": 0.5,
                "lineHeight": 24,
                "marginVertical": 2,
              },
              undefined,
            ],
            Array [
              Object {
                "fontSize": 16,
                "letterSpacing": 0.5,
                "lineHeight": 24,
                "marginVertical": 2,
              },
              undefined,
            ],
          ],
        ]
      }
    >
      Hello
    </Text>
  </View>
  <View
    style={
      Object {
        "margin": 4,
      }
    }
  >
    <View
      style={
        Object {
          "backgroundColor": "transparent",
          "borderColor": "transparent",
          "borderRadius": 4,
          "borderStyle": "solid",
          "borderWidth": 0,
          "elevation": 0,
          "minWidth": 64,
        }
      }
    >
      <View
        accessibilityRole="button"
        accessibilityStates={Array []}
        accessible={true}
        focusable={true}
        isTVSelectable={true}
        onClick={[Function]}
        onResponderGrant={[Function]}
        onResponderMove={[Function]}
        onResponderRelease={[Function]}
        onResponderTerminate={[Function]}
        onResponderTerminationRequest={[Function]}
        onStartShouldSetResponder={[Function]}
        style={
          Array [
            Object {
              "overflow": "hidden",
            },
            Object {
              "borderRadius": 4,
            },
          ]
        }
      >
        <View
          style={
            Array [
              Object {
                "alignItems": "center",
                "flexDirection": "row",
                "justifyContent": "center",
              },
              undefined,
            ]
          }
        >
          <View
            style={
              Object {
                "marginLeft": 12,
                "marginRight": -4,
                "width": 16,
              }
            }
          >
            <Text
              accessibilityElementsHidden={true}
              allowFontScaling={false}
              importantForAccessibility="no-hide-descendants"
              pointerEvents="none"
              style={
                Array [
                  Object {
                    "color": "#6200ee",
                    "fontSize": 16,
                  },
                  Array [
                    Object {
                      "transform": Array [
                        Object {
                          "scaleX": 1,
                        },
                      ],
                    },
                    Object {
                      "backgroundColor": "transparent",
                    },
                  ],
                  Object {
                    "fontFamily": "Material Design Icons",
                    "fontStyle": "normal",
                    "fontWeight": "normal",
                  },
                  Object {},
                ]
              }
            >
              Ôëê
            </Text>
          </View>
          <Text
            numberOfLines={1}
            style={
              Array [
                Object {
                  "color": "#000000",
                  "fontFamily": "System",
                  "fontWeight": "400",
                  "textAlign": "left",
                },
                Array [
                  Object {
                    "letterSpacing": 1,
                    "marginHorizontal": 16,
                    "marginVertical": 9,
                    "textAlign": "center",
                  },
                  undefined,
                  Object {
                    "textTransform": "uppercase",
                  },
                  Object {
                    "color": "#6200ee",
                    "fontFamily": "System",
                    "fontWeight": "500",
                  },
                  Object {
                    "fontFamily": "System",
                    "fontWeight": "500",
                  },
                  undefined,
                ],
              ]
            }
          >
            Refresh
          </Text>
        </View>
      </View>
    </View>
  </View>
</View>
`;
