// Jest Snapshot v1, https://goo.gl/fbAQLP

exports[`Blank component renders correctly 1`] = `
<View
  accessible={true}
  focusable={true}
  isTVSelectable={true}
  onClick={[Function]}
  onResponderGrant={[Function]}
  onResponderMove={[Function]}
  onResponderRelease={[Function]}
  onResponderTerminate={[Function]}
  onResponderTerminationRequest={[Function]}
  onStartShouldSetResponder={[Function]}
  style={
    Object {
      "height": 60,
      "opacity": 1,
      "width": "100%",
    }
  }
>
  <View
    style={
      Object {
        "alignItems": "center",
        "backgroundColor": "#ffffff",
        "elevation": 0,
        "flex": 1,
        "flexDirection": "row",
        "justifyContent": "space-between",
        "padding": 8,
      }
    }
  >
    <View
      style={
        Array [
          Object {
            "overflow": "hidden",
          },
          Object {
            "backgroundColor": "#d7d1c9",
            "borderRadius": 4,
            "height": 50,
            "width": 50,
          },
        ]
      }
    >
      <FastImageView
        resizeMode="cover"
        source={
          Object {
            "uri": "image",
          }
        }
        style={
          Object {
            "bottom": 0,
            "left": 0,
            "position": "absolute",
            "right": 0,
            "top": 0,
          }
        }
      />
    </View>
    <View
      style={
        Object {
          "alignItems": "center",
          "flex": 1,
          "justifyContent": "center",
          "marginHorizontal": 4,
        }
      }
    >
      <Text
        numberOfLines={1}
        style={
          Array [
            Object {
              "color": "#000000",
              "fontFamily": "System",
              "fontWeight": "400",
              "textAlign": "left",
            },
            Array [
              Object {
                "color": "rgba(0, 0, 0, 0.87)",
                "fontFamily": "System",
                "fontWeight": "400",
                "textAlign": "left",
                "writingDirection": "ltr",
              },
              Array [
                Object {
                  "fontSize": 16,
                  "letterSpacing": 0.5,
                  "lineHeight": 24,
                  "marginVertical": 2,
                },
                Object {
                  "margin": 0,
                },
              ],
              Array [
                Object {
                  "fontSize": 16,
                  "letterSpacing": 0.5,
                  "lineHeight": 24,
                  "marginVertical": 2,
                },
                Object {
                  "margin": 0,
                },
              ],
            ],
          ]
        }
      >
        title
      </Text>
      <Text
        numberOfLines={1}
        style={
          Array [
            Object {
              "color": "#000000",
              "fontFamily": "System",
              "fontWeight": "400",
              "textAlign": "left",
            },
            Array [
              Object {
                "color": "rgba(0, 0, 0, 0.54)",
                "fontFamily": "System",
                "fontWeight": "400",
                "textAlign": "left",
                "writingDirection": "ltr",
              },
              Array [
                Object {
                  "fontSize": 12,
                  "letterSpacing": 0.4,
                  "lineHeight": 20,
                  "marginVertical": 2,
                },
                Object {
                  "margin": 0,
                },
              ],
              Array [
                Object {
                  "fontSize": 12,
                  "letterSpacing": 0.4,
                  "lineHeight": 20,
                  "marginVertical": 2,
                },
                Object {
                  "margin": 0,
                },
              ],
            ],
          ]
        }
      >
        Tester
      </Text>
    </View>
    <View
      style={
        Object {
          "alignItems": "center",
          "justifyContent": "flex-end",
          "width": 50,
        }
      }
    >
      <View
        accessibilityRole="button"
        accessibilityStates={Array []}
        accessible={true}
        focusable={true}
        hitSlop={
          Object {
            "bottom": 6,
            "left": 6,
            "right": 6,
            "top": 6,
          }
        }
        isTVSelectable={true}
        onClick={[Function]}
        onResponderGrant={[Function]}
        onResponderMove={[Function]}
        onResponderRelease={[Function]}
        onResponderTerminate={[Function]}
        onResponderTerminationRequest={[Function]}
        onStartShouldSetResponder={[Function]}
        style={
          Array [
            Object {
              "overflow": "hidden",
            },
            Array [
              Object {
                "alignItems": "center",
                "justifyContent": "center",
                "margin": 6,
                "overflow": "hidden",
              },
              Object {
                "borderRadius": 25.5,
                "height": 51,
                "width": 51,
              },
              undefined,
              Object {
                "margin": 0,
                "padding": 0,
              },
            ],
          ]
        }
      >
        <View
          style={null}
        >
          <View
            style={
              Array [
                Object {
                  "alignItems": "center",
                  "justifyContent": "center",
                },
                Object {
                  "height": 34,
                  "width": 34,
                },
              ]
            }
          >
            <View
              style={
                Object {
                  "bottom": 0,
                  "left": 0,
                  "opacity": 1,
                  "position": "absolute",
                  "right": 0,
                  "top": 0,
                  "transform": Array [
                    Object {
                      "rotate": "0deg",
                    },
                  ],
                }
              }
            >
              <Text
                accessibilityElementsHidden={true}
                allowFontScaling={false}
                importantForAccessibility="no-hide-descendants"
                pointerEvents="none"
                style={
                  Array [
                    Object {
                      "color": "#000000",
                      "fontSize": 34,
                    },
                    Array [
                      Object {
                        "transform": Array [
                          Object {
                            "scaleX": 1,
                          },
                        ],
                      },
                      Object {
                        "backgroundColor": "transparent",
                      },
                    ],
                    Object {
                      "fontFamily": "Material Design Icons",
                      "fontStyle": "normal",
                      "fontWeight": "normal",
                    },
                    Object {},
                  ]
                }
              >
                Ôè§
              </Text>
            </View>
          </View>
        </View>
      </View>
    </View>
  </View>
</View>
`;
